[2026-07-19 21:44:01] ANALYSIS | Actual: UserController | Suggested: UserController | Purpose: Controller component | Extends: Object
[2026-07-19 21:44:01] ANALYSIS | Actual: TestClass | Suggested: TestCls | Purpose: TEST | Extends: N/A
[2026-07-19 21:44:01] ANALYSIS | Actual: UserController | Suggested: UserCtrl | Purpose: CONTROLLER | Extends: Object
[2026-07-19 21:44:01] UNKNOWN: UnknownXyz
[2026-07-19 21:44:01] UNKNOWN: AnotherUnknown
[2026-07-19 21:44:01] UNKNOWN: XyzAbc123
[2026-07-19 21:44:22] ANALYSIS | Actual: UserController | Suggested: UserController | Purpose: Controller component | Extends: Object
[2026-07-19 21:44:22] ANALYSIS | Actual: TestClass | Suggested: TestCls | Purpose: TEST | Extends: N/A
[2026-07-19 21:44:22] ANALYSIS | Actual: UserController | Suggested: UserCtrl | Purpose: CONTROLLER | Extends: Object
[2026-07-19 21:44:22] UNKNOWN: UnknownXyz
[2026-07-19 21:44:22] UNKNOWN: AnotherUnknown
[2026-07-19 21:44:22] UNKNOWN: XyzAbc123
[2026-07-19 21:44:42] ANALYSIS | Actual: UserController | Suggested: UserController | Purpose: Controller component | Extends: Object
[2026-07-19 21:44:42] ANALYSIS | Actual: TestClass | Suggested: TestCls | Purpose: TEST | Extends: N/A
[2026-07-19 21:44:42] ANALYSIS | Actual: UserController | Suggested: UserCtrl | Purpose: CONTROLLER | Extends: Object
[2026-07-19 21:44:42] UNKNOWN: UnknownXyz
[2026-07-19 21:44:42] UNKNOWN: AnotherUnknown
[2026-07-19 21:44:42] UNKNOWN: XyzAbc123
[2026-07-19 21:47:09] ANALYSIS | Actual: UserController | Suggested: UserController | Purpose: Controller component | Extends: Object
[2026-07-19 21:47:09] ANALYSIS | Actual: TestClass | Suggested: TestCls | Purpose: TEST | Extends: N/A
[2026-07-19 21:47:09] ANALYSIS | Actual: UserController | Suggested: UserCtrl | Purpose: CONTROLLER | Extends: Object
[2026-07-19 21:47:09] UNKNOWN: UnknownXyz
[2026-07-19 21:47:09] UNKNOWN: AnotherUnknown
[2026-07-19 21:47:09] UNKNOWN: XyzAbc123
[2026-07-19 21:47:28] ANALYSIS | Actual: UserController | Suggested: UserController | Purpose: Controller component | Extends: Object
[2026-07-19 21:47:28] ANALYSIS | Actual: TestClass | Suggested: TestCls | Purpose: TEST | Extends: N/A
[2026-07-19 21:47:28] ANALYSIS | Actual: UserController | Suggested: UserCtrl | Purpose: CONTROLLER | Extends: Object
[2026-07-19 21:47:28] UNKNOWN: UnknownXyz
[2026-07-19 21:47:28] UNKNOWN: AnotherUnknown
[2026-07-19 21:47:28] UNKNOWN: XyzAbc123
[2026-07-19 21:47:46] ANALYSIS | Actual: UserController | Suggested: UserController | Purpose: Controller component | Extends: Object
[2026-07-19 21:47:46] ANALYSIS | Actual: TestClass | Suggested: TestCls | Purpose: TEST | Extends: N/A
[2026-07-19 21:47:46] ANALYSIS | Actual: UserController | Suggested: UserCtrl | Purpose: CONTROLLER | Extends: Object
[2026-07-19 21:47:46] UNKNOWN: UnknownXyz
[2026-07-19 21:47:46] UNKNOWN: AnotherUnknown
[2026-07-19 21:47:46] UNKNOWN: XyzAbc123
[2026-07-19 21:48:20] ANALYSIS | Actual: UserController | Suggested: UserController | Purpose: Controller component | Extends: Object
[2026-07-19 21:48:20] ANALYSIS | Actual: TestClass | Suggested: TestCls | Purpose: TEST | Extends: N/A
[2026-07-19 21:48:20] ANALYSIS | Actual: UserController | Suggested: UserCtrl | Purpose: CONTROLLER | Extends: Object
[2026-07-19 21:48:20] UNKNOWN: UnknownXyz
[2026-07-19 21:48:20] UNKNOWN: AnotherUnknown
[2026-07-19 21:48:20] UNKNOWN: XyzAbc123
[2026-07-19 21:48:44] ANALYSIS | Actual: UserController | Suggested: UserController | Purpose: Controller component | Extends: Object
[2026-07-19 21:48:44] ANALYSIS | Actual: TestClass | Suggested: TestCls | Purpose: TEST | Extends: N/A
[2026-07-19 21:48:44] ANALYSIS | Actual: UserController | Suggested: UserCtrl | Purpose: CONTROLLER | Extends: Object
[2026-07-19 21:48:44] UNKNOWN: UnknownXyz
[2026-07-19 21:48:44] UNKNOWN: AnotherUnknown
[2026-07-19 21:48:44] UNKNOWN: XyzAbc123
[2026-07-19 21:49:04] ANALYSIS | Actual: UserController | Suggested: UserController | Purpose: Controller component | Extends: Object
[2026-07-19 21:49:04] ANALYSIS | Actual: TestClass | Suggested: TestCls | Purpose: TEST | Extends: N/A
[2026-07-19 21:49:04] ANALYSIS | Actual: UserController | Suggested: UserCtrl | Purpose: CONTROLLER | Extends: Object
[2026-07-19 21:49:04] UNKNOWN: UnknownXyz
[2026-07-19 21:49:04] UNKNOWN: AnotherUnknown
[2026-07-19 21:49:04] UNKNOWN: XyzAbc123
[2026-07-19 21:49:26] ANALYSIS | Actual: UserController | Suggested: UserController | Purpose: Controller component | Extends: Object
[2026-07-19 21:49:26] ANALYSIS | Actual: TestClass | Suggested: TestCls | Purpose: TEST | Extends: N/A
[2026-07-19 21:49:26] ANALYSIS | Actual: UserController | Suggested: UserCtrl | Purpose: CONTROLLER | Extends: Object
[2026-07-19 21:49:26] UNKNOWN: UnknownXyz
[2026-07-19 21:49:26] UNKNOWN: AnotherUnknown
[2026-07-19 21:49:26] UNKNOWN: XyzAbc123
